Home buy to replace.
Here should be cool result
after processing.