Some text to replace.
Here must be another result
after file processing. And it is here.