Test demonstrates that it is not important if
todo section in the json file goes first
and the disctionary is in the end of the script file.
